<div contenteditable="true" data-editor-id="ProgramPageContent" id="TinyMCEEditorForProgramPageContent">
Some html text
</div>