<script language="javascript" type="text/javascript">
                // <![CDATA[
                jQuery(document).ready(function ()
                {
                   tinymce.init({
                            selector: '#TinyMCEEditorForProgramPageContent',
                            menubar: false,
                            toolbar: 'code | styleselect | bold italic removeformat | bullist numlist outdent indent | image table hr charmap | link unlink anchor | styles | fontfamily | fullscreen ',
                            entity_encoding: 'named+numeric',
                            plugins: 'code lists link image table code help wordcount charmap anchor fullscreen',
                            toolbar_mode: 'wrap',
                            browser_spellcheck: true,
                            file_picker_types: 'image',
                            images_file_types: 'jpg,svg,webp,gif',
                            image_title: true,
                            file_picker_callback: (cb, value, meta) => {
                              const input = document.createElement("input")
                              input.setAttribute("type", "file")
                              input.setAttribute("accept", "image/*")
                              input.addEventListener("change", e => {
                                const file = e.target.files[0];

                                const reader = new FileReader();
                                reader.addEventListener("load", () => {
                                  const id = "blobid" + new Date().getTime();
                                  const blobCache = tinymce.activeEditor.editorUpload.blobCache;
                                  const base64 = reader.result.split(",")[1];
                                  const blobInfo = blobCache.create(id, file, base64);
                                  blobCache.add(blobInfo);

                                  /* call the callback and populate the Title field with the file name */
                                  cb(blobInfo.blobUri(), { title: file.name });
                                });
                                reader.readAsDataURL(file)
                              })
                              input.click()
                            },
                            setup: function (editor) {
                                editor.on('FullscreenStateChanged', function (e) {
                                    if (e.state) {
                                        $('.modal-dialog').attr('style', 'transform: none !important');
                                    } else {
                                        $('.modal-dialog').attr('style', 'transform: translate(0,0)');
                                    }
                                });
                            }
                    });
                });
                // ]]>
            </script>