new Sitka.Grid.Class.GridColumn("Column0", "", "35", "left", "ro", "htmlstring", "SelectFilterHtmlStrict", "None"),
new Sitka.Grid.Class.GridColumn("Column1", "", "35", "left", "ro", "htmlstring", "SelectFilterHtmlStrict", "None"),
new Sitka.Grid.Class.GridColumn("DisplayName", 'Display Name', "200", "left", "rotxt", "str", "Text", "None"),
new Sitka.Grid.Class.GridColumn("IsActive", 'Is Active', "60", "left", "rotxt", "str", "SelectFilterStrict", "None"),
new Sitka.Grid.Class.GridColumn("Amount", 'Amount', "100", "right", "ron", "num", "Numeric", "Currency")