

Feature ProjectFirma.Web.Security.PendingProjectsViewListFeature is available to the Unassigned role
Feature ProjectFirma.Web.Security.ProjectsInProposalStageViewListFeature is available to the Unassigned role
Feature ProjectFirma.Web.Security.LoggedInUnclassifiedFeature is available to the Unassigned role
Feature ProjectFirma.Web.Security.WebServiceDocumentationViewFeature is available to the Unassigned role
Feature ProjectFirma.Web.Security.UserViewFeature is available to the Unassigned role